// Jest Snapshot v1, https://goo.gl/fbAQLP

exports[`Pruebas en <GifItem /> debe de hacer match con el snapshot 1`] = `
<div>
  <div
    class="card"
  >
    <img
      alt="doggie"
      src="https://i.giphy.com/media/8H80IVPjAdKY8/200w.webp"
    />
    <p>
      doggie
    </p>
  </div>
</div>
`;
